// Jest Snapshot v1, https://goo.gl/fbAQLP

exports[`the promo container default to headline first dom structure by default 1`] = `
<div
  className="mock-container-style-class"
>
  <div
    className="col-sm-xl-8"
  >
    <h1>
      mockHeadline
    </h1>
  </div>
  <div
    className="col-sm-xl-4"
    style={
      Object {
        "position": null,
      }
    }
  >
    <img
      alt="mock image"
      href="mocklink.jpg"
    />
  </div>
</div>
`;

exports[`the promo container render headline first if image position is below 1`] = `
<div
  className="mock-container-style-class"
>
  <div
    className="col-sm-xl-8"
  >
    <h1>
      mockHeadline
    </h1>
  </div>
  <div
    className="col-sm-xl-4"
    style={
      Object {
        "position": null,
      }
    }
  >
    <img
      alt="mock image"
      href="mocklink.jpg"
    />
  </div>
</div>
`;

exports[`the promo container render headline first if image position is right 1`] = `
<div
  className="mock-container-style-class"
>
  <div
    className="col-sm-xl-8"
  >
    <h1>
      mockHeadline
    </h1>
  </div>
  <div
    className="col-sm-xl-4"
    style={
      Object {
        "position": null,
      }
    }
  >
    <img
      alt="mock image"
      href="mocklink.jpg"
    />
  </div>
</div>
`;

exports[`the promo container render image first if image position is above 1`] = `
<div
  className="mock-container-style-class"
>
  <div
    className="col-sm-xl-4"
    style={
      Object {
        "position": null,
      }
    }
  >
    <img
      alt="mock image"
      href="mocklink.jpg"
    />
  </div>
  <div
    className="col-sm-xl-8"
  >
    <h1>
      mockHeadline
    </h1>
  </div>
</div>
`;

exports[`the promo container render image first if image position is on left 1`] = `
<div
  className="mock-container-style-class"
>
  <div
    className="col-sm-xl-4"
    style={
      Object {
        "position": null,
      }
    }
  >
    <img
      alt="mock image"
      href="mocklink.jpg"
    />
  </div>
  <div
    className="col-sm-xl-8"
  >
    <h1>
      mockHeadline
    </h1>
  </div>
</div>
`;

exports[`the promo container return empty dom value while no value pass in 1`] = `
<div>
  <div
    style={
      Object {
        "position": null,
      }
    }
  >
    
  </div>
  <div>
    
  </div>
</div>
`;
